I'm sorry, but errors were detected in your script. Please correct the
errors listed below, and try again.


File "game/script.rpy", line 37: expected statement.
    d neutral:
             ^

File "game/script.rpy", line 38: expected statement.
    yalign 0.5
            ^

Ren'Py Version: Ren'Py 8.2.1.24030407
Sat May 25 09:53:32 2024
